// Jest Snapshot v1, https://goo.gl/fbAQLP

exports[`<Link /> renders correctly 1`] = `
<a
  className="ds-fr--inline fr-link--lg"
  data-testid="link"
  href="/page"
  target="_self"
  title="title"
>
  test button
  <span
    aria-hidden={true}
    className="ri-sm icon-right ds-fr--v-middle alert-fill"
  />
</a>
`;

exports[`<Link /> renders correctly as link 1`] = `
<div
  className="should-stay should-also-stay fr-link--md"
  onClick={null}
>
  Avec text
</div>
`;
