// Jest Snapshot v1, https://goo.gl/fbAQLP

exports[`<Tile /> renders correctly 1`] = `
<div
  className="fr-tile fr-enlarge-link fr-tile--horizontal my-class"
  data-testid="tile"
  onClick={[Function]}
  onKeyDown={[Function]}
  role="button"
  tabIndex="0"
>
  <div
    className="fr-tile__body"
    data-test-id="tilebody"
  >
    <h3
      className="fr-tile__title"
    >
      <a
        aria-disabled={true}
        className="fr-tile__link fr-link--md"
        role="link"
        target="linkTarget"
        title="linkTitle"
      >
        title
      </a>
    </h3>
    <p
      className="fr-tile__desc"
    >
      description
    </p>
    <p>
      Du texte aussi
    </p>
  </div>
  <div
    className="fr-tile__img"
    data-id="titleimage"
  >
    <img
      alt=""
      src="/src.png"
      title=""
    />
  </div>
</div>
`;
