// Jest Snapshot v1, https://goo.gl/fbAQLP

exports[`<Tile /> renders correctly 1`] = `
<div
  className="fr-tile fr-enlarge-link fr-tile--horizontal my-class"
  data-testid="tile"
>
  <div
    className="fr-tile__body"
    data-test-id="tilebody"
  >
    <p
      className="fr-tile__title"
    >
      <a
        className="fr-tile__link"
        target="linkTarget"
        title="linkTitle"
      >
        title
      </a>
    </p>
    <p
      className="fr-tile__desc"
    >
      description
    </p>
  </div>
  <div
    className="fr-tile__img"
    data-id="titleimage"
  >
    <img
      alt=""
      src="/src.png"
      title=""
    />
  </div>
</div>
`;
