// Jest Snapshot v1, https://goo.gl/fbAQLP

exports[`<Badge /> should render Badge properly 1`] = `
<p
  class="fr-badge fr-badge--success fr-badge--no-icon custom-class"
  data-testid="badge"
>
  text
</p>
`;
