// Jest Snapshot v1, https://goo.gl/fbAQLP

exports[`<Title /> renders correctly 1`] = `
<h2
  className="fr-h4"
>
  Title
</h2>
`;
