// Jest Snapshot v1, https://goo.gl/fbAQLP

exports[`<AltTitle /> renders correctly 1`] = `
<h2
  className="fr-display--xl"
>
  Title Alt xl
</h2>
`;
