// Jest Snapshot v1, https://goo.gl/fbAQLP

exports[`<MediaImage /> renders correctly 1`] = `
<figure
  className="rf-content-media rf-content-media--md"
  data-testid="image-test"
>
  <div
    className="rf-content-media__img"
  >
    <img
      alt=""
      src="https://bibliotheques.csdm.qc.ca/files/2018/11/10_banques_dimages_gratuites_libres_de_droits-300x169.jpg"
    />
  </div>
  <figcaption
    className="rf-content-media__caption"
  >
    
  </figcaption>
</figure>
`;
