// Jest Snapshot v1, https://goo.gl/fbAQLP

exports[`<Toggle /> should render Toggle properly 1`] = `
<div
  className="fr-toggle fr-toggle--border-bottom fr-toggle--label-left"
  data-testid="toggle"
>
  <input
    className="fr-toggle__input"
    id="xyx"
    type="checkbox"
  />
  <label
    className="fr-toggle__label"
    data-fr-checked-label="Activé"
    data-fr-unchecked-label="Désactivé"
    htmlFor="xyx"
  >
    Accepter les cookies
  </label>
  <p
    className="fr-hint-text"
  >
    Activez-moi!
  </p>
</div>
`;
