// Jest Snapshot v1, https://goo.gl/fbAQLP

exports[`<Text /> renders correctly 1`] = `
<span
  className="rf-text--alt rf-text--sm"
>
  Text
</span>
`;
