// Jest Snapshot v1, https://goo.gl/fbAQLP

exports[`<MediaVideo /> renders correctly 1`] = `
<div
  className="fr-content-media fr-content-media--sm"
  data-testid="video"
>
  <div
    className="fr-responsive-vid"
  >
    <iframe
      allow="accelerometer; autoplay; encrypted-media; gyroscope; picture-in-picture"
      allowFullScreen=""
      className="fr-responsive-vid__player"
      frameBorder="0"
      height="100%"
      src="https://www.youtube.com/embed/HyirpmPL43I"
      title="titre de l’iframe"
      width="100%"
    />
  </div>
  <div
    className="fr-content-media__caption"
  >
    légende de l'image
  </div>
  <div
    className="fr-content-media__transcription"
  >
    <button
      className="fr-btn"
      onClick={[Function]}
      title="Transcription"
      type="button"
    >
      Transcription
    </button>
  </div>
</div>
`;
