// Jest Snapshot v1, https://goo.gl/fbAQLP

exports[`<Tab /> renders Tab correctly 1`] = `
<div
  className="fr-tabs__panel fr-tabs__panel--selected my-class"
  data-testid="tab"
  id="fr-tabpanel-undefined"
  role="tabpanel"
  tabIndex="0"
>
  Tabinouze
</div>
`;
