// Jest Snapshot v1, https://goo.gl/fbAQLP

exports[`<Footer /> should render Footer properly 1`] = `
<footer
  class="fr-footer"
  data-testid="footer"
  role="contentinfo"
>
  <div
    class="fr-footer__top"
    data-testid="footertop"
  >
    <div
      class="fr-container"
    >
      <div
        class="fr-grid-row fr-grid-row--center fr-grid-row--gutters"
      >
        <div
          class="fr-col-12 fr-col-sm-4 fr-col-md-2"
        >
          <div
            class="fr-footer__top-cat"
          >
            Nom de la catégorie
          </div>
          <ul
            class="fr-footer__top-list"
          >
            <li
              class="fr-footer__top-item"
              data-testid="footerlink"
            >
              <a
                class="fr-footer__top-link"
                href="/"
                target="_self"
              >
                Lien de navigation
              </a>
            </li>
            <li
              class="fr-footer__top-item"
            >
              <a
                class="fr-footer__top-link"
                href="/"
                target="_self"
              >
                Lien de navigation
              </a>
            </li>
            <li
              class="fr-footer__top-item"
            >
              <a
                class="fr-footer__top-link"
                href="/"
                target="_self"
              >
                Lien de navigation
              </a>
            </li>
            <li
              class="fr-footer__top-item"
            >
              <a
                class="fr-footer__top-link"
                href="/"
                target="_self"
              >
                Lien de navigation
              </a>
            </li>
          </ul>
        </div>
        <div
          class="fr-col-12 fr-col-sm-4 fr-col-md-2"
        >
          <div
            class="fr-footer__top-cat"
          >
            Nom de la catégorie
          </div>
          <ul
            class="fr-footer__top-list"
          >
            <li
              class="fr-footer__top-item"
            >
              <a
                class="fr-footer__top-link"
                href="/"
                target="_self"
              >
                Lien de navigation
              </a>
            </li>
            <li
              class="fr-footer__top-item"
            >
              <a
                class="fr-footer__top-link"
                href="/"
                target="_self"
              >
                Lien de navigation
              </a>
            </li>
            <li
              class="fr-footer__top-item"
            >
              <a
                class="fr-footer__top-link"
                href="/"
                target="_self"
              >
                Lien de navigation
              </a>
            </li>
            <li
              class="fr-footer__top-item"
            >
              <a
                class="fr-footer__top-link"
                href="/"
                target="_self"
              >
                Lien de navigation
              </a>
            </li>
            <li
              class="fr-footer__top-item"
            >
              <a
                class="fr-footer__top-link"
                href="/"
                target="_self"
              >
                Lien de navigation
              </a>
            </li>
            <li
              class="fr-footer__top-item"
            >
              <a
                class="fr-footer__top-link"
                href="/"
                target="_self"
              >
                Lien de navigation
              </a>
            </li>
          </ul>
        </div>
        <div
          class="fr-col-12 fr-col-sm-4 fr-col-md-2"
        >
          <div
            class="fr-footer__top-cat"
          >
            Nom de la catégorie
          </div>
          <ul
            class="fr-footer__top-list"
          >
            <li
              class="fr-footer__top-item"
            >
              <a
                class="fr-footer__top-link"
                href="/"
                target="_self"
              >
                Lien de navigation
              </a>
            </li>
            <li
              class="fr-footer__top-item"
            >
              <a
                class="fr-footer__top-link"
                href="/"
                target="_self"
              >
                Lien de navigation
              </a>
            </li>
            <li
              class="fr-footer__top-item"
            >
              <a
                class="fr-footer__top-link"
                href="/"
                target="_self"
              >
                Lien de navigation
              </a>
            </li>
            <li
              class="fr-footer__top-item"
            >
              <a
                class="fr-footer__top-link"
                href="/"
                target="_self"
              >
                Lien de navigation
              </a>
            </li>
          </ul>
        </div>
        <div
          class="fr-col-12 fr-col-sm-4 fr-col-md-2"
        >
          <div
            class="fr-footer__top-cat"
          >
            Nom de la catégorie
          </div>
          <ul
            class="fr-footer__top-list"
          >
            <li
              class="fr-footer__top-item"
            >
              <a
                class="fr-footer__top-link"
                href="/"
                target="_self"
              >
                Lien de navigation
              </a>
            </li>
            <li
              class="fr-footer__top-item"
            >
              <a
                class="fr-footer__top-link"
                href="/"
                target="_self"
              >
                Lien de navigation
              </a>
            </li>
            <li
              class="fr-footer__top-item"
            >
              <a
                class="fr-footer__top-link"
                href="/"
                target="_self"
              >
                Lien de navigation
              </a>
            </li>
            <li
              class="fr-footer__top-item"
            >
              <a
                class="fr-footer__top-link"
                href="/"
                target="_self"
              >
                Lien de navigation
              </a>
            </li>
          </ul>
        </div>
        <div
          class="fr-col-12 fr-col-sm-4 fr-col-md-2"
        >
          <div
            class="fr-footer__top-cat"
          >
            Nom de la catégorie
          </div>
          <ul
            class="fr-footer__top-list"
          >
            <li
              class="fr-footer__top-item"
            >
              <a
                class="fr-footer__top-link"
                href="/"
                target="_self"
              >
                Lien de navigation
              </a>
            </li>
            <li
              class="fr-footer__top-item"
            >
              <a
                class="fr-footer__top-link"
                href="/"
                target="_self"
              >
                Lien de navigation
              </a>
            </li>
            <li
              class="fr-footer__top-item"
            >
              <a
                class="fr-footer__top-link"
                href="/"
                target="_self"
              >
                Lien de navigation
              </a>
            </li>
            <li
              class="fr-footer__top-item"
            >
              <a
                class="fr-footer__top-link"
                href="/"
                target="_self"
              >
                Lien de navigation
              </a>
            </li>
          </ul>
        </div>
      </div>
    </div>
  </div>
  <div
    class="fr-container"
  >
    <div
      class="fr-footer__body"
      data-testid="footerbody"
    >
      <div
        class="fr-footer__brand"
      >
        <a
          class=""
          data-testid="footerlogo"
          target="_self"
          title="Ministère de l'enseignement supérieur de la rechercher et de l'innovation"
        >
          <p
            class="fr-logo"
          >
            Ministère de
            <br />
            l'enseignement
            <br />
            supérieur de
            <br />
            la rechercher
            <br />
            et de l'innovation
            
          </p>
        </a>
      </div>
      <div
        class="fr-footer__content"
      >
        <p
          class="fr-footer__content-desc"
        >
          Lorem ipsum dolor sit amet, consectetur adipisicing elit, sed do eiusmod tempor incididunt ut labore et dolore magna aliqua. Uenim ad minim veniam, quis nostrud exercitation ullamco laboris nisi ut aliquip ex ea commodo consequat.
        </p>
        <ul
          class="fr-footer__content-list"
        >
          <li
            class="fr-footer__content-item"
          >
            <a
              class="fr-footer__content-link"
              href="https://legifrance.gouv.fr"
              target="_self"
            >
              legifrance.gouv.fr
            </a>
          </li>
          <li
            class="fr-footer__content-item"
          >
            <a
              class="fr-footer__content-link"
              href="https://gouvernement.fr"
              target="_self"
            >
              gouvernement.fr
            </a>
          </li>
          <li
            class="fr-footer__content-item"
          >
            <a
              class="fr-footer__content-link"
              href="https://service-public.fr"
              target="_self"
            >
              service-public.fr
            </a>
          </li>
          <li
            class="fr-footer__content-item"
          >
            <a
              class="fr-footer__content-link"
              href="https://data.gouv.fr"
              target="_self"
            >
              data.gouv.fr
            </a>
          </li>
        </ul>
      </div>
    </div>
    <div
      class="fr-footer__partners"
      data-testid="footerpartners"
    >
      <p
        class="fr-footer__partners-title"
        data-testid="title"
      >
        Nos partenaires
      </p>
      <div
        class="fr-footer__partners-logos"
      >
        <div
          class="fr-footer__partners-main"
        >
          <a
            class="footer__partners-link"
            data-testid="logo"
            href="/"
            target="_self"
          >
            <img
              alt="Logo 1"
              class="fr-footer__logo"
              src="img/logo1"
            />
          </a>
        </div>
        <div
          class="fr-footer__partners-sub"
        >
          <a
            class="footer__partners-link"
            href="/"
            target="_self"
          >
            <img
              alt="Logo 2"
              class="fr-footer__logo"
              src="img/logo2"
            />
          </a>
          <a
            class="footer__partners-link"
            href="/"
            target="_self"
          >
            <img
              alt="Logo 3"
              class="fr-footer__logo"
              src="img/logo3"
            />
          </a>
          <a
            class="footer__partners-link"
            href="/"
            target="_self"
          >
            <img
              alt="Logo 4"
              class="fr-footer__logo"
              src="img/logo4"
            />
          </a>
        </div>
      </div>
    </div>
    <div
      class="fr-footer__bottom"
      data-testid="bottom"
    >
      <ul
        class="fr-footer__bottom-list"
      >
        <li
          class="fr-footer__bottom-item"
          data-testid="link"
        >
          <a
            class="fr-footer__bottom-link"
            href="/"
            target="_self"
          >
            Plan du site
          </a>
        </li>
        <li
          class="fr-footer__bottom-item"
        >
          <a
            class="fr-footer__bottom-link"
            href="/"
            target="_self"
          >
            Accessibilité: non/partiellement/totalement conforme
          </a>
        </li>
        <li
          class="fr-footer__bottom-item"
        >
          <a
            class="fr-footer__bottom-link"
            href="/"
            target="_self"
          >
            Mentions légales
          </a>
        </li>
        <li
          class="fr-footer__bottom-item"
        >
          <a
            class="fr-footer__bottom-link"
            href="/"
            target="_self"
          >
            Données personnelles
          </a>
        </li>
        <li
          class="fr-footer__bottom-item"
        >
          <a
            class="fr-footer__bottom-link"
            href="/"
            target="_self"
          >
            Gestion des cookies
          </a>
        </li>
      </ul>
      <div
        class="fr-footer__bottom-copy"
      >
        © République Française 2020
      </div>
    </div>
  </div>
</footer>
`;
