// Jest Snapshot v1, https://goo.gl/fbAQLP

exports[`<Logo /> should render Logo properly 1`] = `
<span
  class="rf-logo__title"
>
  Ministère de
  <br />
  l'enseignement
  <br />
  supérieur de
  <br />
  la rechercher
  <br />
  et de l'innovation
  
</span>
`;
