// Jest Snapshot v1, https://goo.gl/fbAQLP

exports[`<TextInput /> renders correctly 1`] = `
<div
  className="fr-input-group"
  data-testid="textinput"
>
  <label
    className="fr-label"
    htmlFor="xxxxxxx"
  >
    label
  </label>
  <input
    aria-describedby=""
    className="fr-input"
    id="xxxxxxx"
    onBlur={[Function]}
    onChange={[MockFunction]}
    required={false}
    type="text"
    value="init-value"
  />
</div>
`;
