// Jest Snapshot v1, https://goo.gl/fbAQLP

exports[`<Breadcrumb /> should render breadcrumb properly 1`] = `
<nav
  aria-label="Fil d'ariane"
  class="fr-breadcrumb"
  data-testid="breadcrumb"
  style="max-height: calc(0px + 1rem);"
>
  <button
    class="fr-breadcrumb__button"
    data-testid="bc-button"
    type="button"
  >
    Voir le fil d'ariane
  </button>
  <div
    class="fr-collapse"
  >
    <ol
      class="fr-breadcrumb__list"
      data-testid="bc-list"
      hidden=""
    >
      <li
        class="fr-breadcrumb__item"
        data-testid="bcitem"
      >
        <a
          class="fr-breadcrumb__link"
          href="#"
          target="_self"
        >
          Home
        </a>
      </li>
      <li
        class="fr-breadcrumb__item"
        data-testid="bcitem"
      >
        <a
          class="fr-breadcrumb__link"
          href="#"
          target="_self"
        >
          Productions
        </a>
      </li>
      <li
        class="fr-breadcrumb__item fr-breadcrumb__item--current"
        data-testid="bcitem"
      >
        <a
          aria-current="page"
          class="fr-breadcrumb__link"
          target="_self"
        >
          Production 1234567899 avec un nom de page hyper long qui devrait etre tronqu√©
        </a>
      </li>
    </ol>
  </div>
</nav>
`;
