// Jest Snapshot v1, https://goo.gl/fbAQLP

exports[`<Callout /> renders Callout properly 1`] = `
<div
  class="fr-callout fr-fi-information-line"
  data-testid="callout"
>
  <h3
    class="fr-callout__title fr-text--sm"
    data-testid="title"
  >
    Callout title
  </h3>
  <p
    class="fr-callout__text fr-text--lg"
    data-testid="text"
  >
    Callout text that might be short and concise.
  </p>
  <button
    class="fr-btn--md fr-btn"
    title="acceder..."
    type="button"
  >
    Acc√©der au service
  </button>
</div>
`;
