// Jest Snapshot v1, https://goo.gl/fbAQLP

exports[`<TitleDisplay /> renders correctly 1`] = `
<h2
  className="rf-display-xl"
>
  Title Alt xl
</h2>
`;
