// Jest Snapshot v1, https://goo.gl/fbAQLP

exports[`<Header /> renders correctly 1`] = `
<header
  className="fr-header"
  data-testid="header"
  role="banner"
>
  <div
    className="fr-header__body"
    data-testid="headerbody"
  >
    <div
      className="fr-container"
    >
      <div
        className="fr-header__body-row"
      >
        <div
          className="fr-header__brand fr-enlarge-link"
        >
          <div
            className="fr-header__brand-top"
          >
            <div
              className="fr-header__logo"
            >
              <a
                className=""
                data-test-id="headerlogo"
                target="_self"
                title="République française"
              >
                <p
                  className="fr-logo"
                >
                  République
                  <br />
                  française
                  
                </p>
              </a>
            </div>
            <div
              className="fr-header__operator"
            >
              <img
                alt="texte alternatif"
                src="https://fakeimg.pl/145x81/"
              />
            </div>
            <div
              className="fr-header__navbar"
            >
              <button
                aria-label="ouvrir la navigation"
                className="fr-btn--menu fr-btn"
                onClick={[Function]}
                type="button"
              />
            </div>
          </div>
          <div
            className="fr-header__service"
            data-testid="service"
          >
            <a
              className="fr-header__service-title"
              target="_self"
              title="Nom du service"
            >
              Nom du service
            </a>
            <p
              className="fr-header__service-tagline"
            >
              baseline - précisions sur l‘organisation
            </p>
          </div>
        </div>
        <div
          className="fr-header__tools"
          data-testid="tool"
        >
          <div
            className="fr-header__tools-links"
            data-testid="toolitemgroup"
          >
            <ul
              className="fr-links-group"
            >
              <li
                data-testid="toolitem"
              >
                <a
                  className="ds-fr--flex fr-link"
                  target="_self"
                >
                  <span
                    className="ri-1x icon-left fr-fi-lock-line ds-fr--v-top"
                  />
                  Se connecter
                </a>
              </li>
              <li
                data-test-id="toolitem"
              >
                <a
                  className="ds-fr--flex fr-link"
                  target="_self"
                >
                  <span
                    className="ri-1x icon-left fr-fi-add-circle-line ds-fr--v-top"
                  />
                  Créer un espace
                </a>
              </li>
            </ul>
          </div>
          <div
            className="fr-header__search fr-modal"
          >
            <div
              className="fr-container fr-container-lg--fluid"
            >
              <button
                aria-controls="header-tools-popin"
                className="fr-link--close fr-link"
                onClick={[Function]}
                title="Fermer"
                type="button"
              >
                Fermer
              </button>
            </div>
          </div>
        </div>
      </div>
    </div>
  </div>
  <div
    className="fr-header__menu fr-modal"
    data-testid="headernav"
  >
    <div
      className="fr-container"
    >
      <button
        aria-label="fermer la navigation"
        className="fr-link--close fr-link"
        onClick={[Function]}
        title="Fermer"
        type="button"
      >
        Fermer
      </button>
      <nav
        aria-label="Menu principal"
        className="fr-nav"
        id="header-navigation"
        role="navigation"
      >
        <ul
          className="fr-nav__list"
        >
          <li
            className="fr-nav__item"
          >
            <a
              className="fr-nav__link"
              target="_self"
            >
              Home
            </a>
          </li>
          <li
            className="fr-nav__item"
            data-test-id="navitem"
          >
            <button
              aria-controls="fr-nav-subitem-undefined"
              aria-expanded={false}
              aria-label="ouvrir la navigation"
              className="fr-nav__btn"
              onClick={[Function]}
              type="button"
            >
              Resources
            </button>
            <div
              className="fr-menu fr-collapse"
              id="fr-nav-subitem-undefined"
              style={
                Object {
                  "--collapse": "0px",
                  "maxHeight": null,
                }
              }
            >
              <ul
                className="fr-menu__list"
              >
                <li
                  data-test-id="navsubitem"
                >
                  <a
                    className="fr-nav__link"
                    target="_self"
                  >
                    Ressource #1
                  </a>
                </li>
                <li
                  data-test--id="navsubitem"
                >
                  <a
                    className="fr-nav__link"
                    target="_self"
                  >
                    Ressource #2
                  </a>
                </li>
                <li
                  data-test="navsubitem"
                >
                  <a
                    className="fr-nav__link"
                    target="_self"
                  >
                    Ressource #3
                  </a>
                </li>
              </ul>
            </div>
          </li>
        </ul>
      </nav>
    </div>
  </div>
</header>
`;
