// Jest Snapshot v1, https://goo.gl/fbAQLP

exports[`<NavItem /> renders correctly 1`] = `
<li
  className="fr-nav__item"
>
  <a
    className="fr-nav__link"
    target="_self"
  >
    title
  </a>
</li>
`;
